../Core/Src/main.c:95:6:print_msg	16	static
../Core/Src/main.c:151:7:mpu6050_get_zero_bias	16	static
../Core/Src/main.c:179:5:main	160	static
../Core/Src/main.c:359:6:SystemClock_Config	88	static
../Core/Src/main.c:406:13:MX_ADC1_Init	24	static
../Core/Src/main.c:467:13:MX_I2C1_Init	8	static
../Core/Src/main.c:501:13:MX_I2C2_Init	8	static
../Core/Src/main.c:535:13:MX_TIM1_Init	32	static
../Core/Src/main.c:581:13:MX_TIM2_Init	80	static
../Core/Src/main.c:659:13:MX_TIM3_Init	32	static
../Core/Src/main.c:704:13:MX_TIM4_Init	32	static
../Core/Src/main.c:749:13:MX_TIM7_Init	16	static
../Core/Src/main.c:787:13:MX_USART3_UART_Init	8	static
../Core/Src/main.c:820:13:MX_USB_OTG_FS_PCD_Init	8	static
../Core/Src/main.c:853:13:MX_DMA_Init	16	static
../Core/Src/main.c:871:13:MX_GPIO_Init	64	static
../Core/Src/main.c:982:6:Error_Handler	4	static,ignoring_inline_asm
