../Core/Src/main.c:89:6:print_msg	16	static
../Core/Src/main.c:144:7:mpu6050_get_zero_bias	16	static
../Core/Src/main.c:166:6:keypad_update	48	static
../Core/Src/main.c:244:5:main	160	static
../Core/Src/main.c:434:6:SystemClock_Config	88	static
../Core/Src/main.c:481:13:MX_ADC1_Init	24	static
../Core/Src/main.c:542:13:MX_I2C1_Init	8	static
../Core/Src/main.c:576:13:MX_I2C2_Init	8	static
../Core/Src/main.c:610:13:MX_TIM1_Init	32	static
../Core/Src/main.c:656:13:MX_TIM2_Init	80	static
../Core/Src/main.c:734:13:MX_USART3_UART_Init	8	static
../Core/Src/main.c:767:13:MX_USB_OTG_FS_PCD_Init	8	static
../Core/Src/main.c:800:13:MX_DMA_Init	16	static
../Core/Src/main.c:818:13:MX_GPIO_Init	64	static
../Core/Src/main.c:933:6:Error_Handler	4	static,ignoring_inline_asm
