../Core/Src/stm32f4xx_it.c:88:6:NMI_Handler	4	static
../Core/Src/stm32f4xx_it.c:103:6:HardFault_Handler	4	static
../Core/Src/stm32f4xx_it.c:118:6:MemManage_Handler	4	static
../Core/Src/stm32f4xx_it.c:133:6:BusFault_Handler	4	static
../Core/Src/stm32f4xx_it.c:148:6:UsageFault_Handler	4	static
../Core/Src/stm32f4xx_it.c:163:6:SVC_Handler	4	static
../Core/Src/stm32f4xx_it.c:176:6:DebugMon_Handler	4	static
../Core/Src/stm32f4xx_it.c:189:6:PendSV_Handler	4	static
../Core/Src/stm32f4xx_it.c:202:6:SysTick_Handler	8	static
../Core/Src/stm32f4xx_it.c:223:6:EXTI3_IRQHandler	8	static
../Core/Src/stm32f4xx_it.c:241:6:EXTI4_IRQHandler	8	static
../Core/Src/stm32f4xx_it.c:265:6:EXTI9_5_IRQHandler	24	static
../Core/Src/stm32f4xx_it.c:353:6:TIM3_IRQHandler	16	static
../Core/Src/stm32f4xx_it.c:393:6:TIM4_IRQHandler	8	static
../Core/Src/stm32f4xx_it.c:411:6:EXTI15_10_IRQHandler	8	static
../Core/Src/stm32f4xx_it.c:429:6:TIM7_IRQHandler	16	static
../Core/Src/stm32f4xx_it.c:463:6:DMA2_Stream0_IRQHandler	8	static
